
        both modified:   testfile.txt

no changes added to commit (use "git add" and/or "git commit -a")

vaaan anh@vananh MINGW64 ~/Desktop/Test/test1-project (master|MERGING)
$ git status
On branch master
Your branch is ahead of 'origin/master' by 2 commits.
  (use "git push" to publish your local commits)

You have unmerged paths.
  (fix conflicts and run "git commit")
  (use "git merge --abort" to abort the merge)

Unmerged paths:
  (use "git add <file>..." to mark resolution)

        both modified:   testfile.txt

no changes added to commit (use "git add" and/or "git commit -a")

vaaan anh@vananh MINGW64 ~/Desktop/Test/test1-project (master|MERGING)
$ git add .

vaaan anh@vananh MINGW64 ~/Desktop/Test/test1-project (master|MERGING)
$ git commit -m "Merge from feature01"
[master 4fed3ed] Merge from feature01

vaaan anh@vananh MINGW64 ~/Desktop/Test/test1-project (master)
$ git branch
  feature01
* master

vaaan anh@vananh MINGW64 ~/Desktop/Test/test1-project (master)
$ git checkout feature01
Switched to branch 'feature01'

vaaan anh@vananh MINGW64 ~/Desktop/Test/test1-project (feature01)
$ git checkout master
Switched to branch 'master'
Your branch is ahead of 'origin/master' by 4 commits.
  (use "git push" to publish your local commits)

vaaan anh@vananh MINGW64 ~/Desktop/Test/test1-project (master)
$ git push origin
Enumerating objects: 14, done.
Counting objects: 100% (14/14), done.
Delta compression using up to 4 threads
Compressing objects: 100% (10/10), done.
Writing objects: 100% (12/12), 1.14 KiB | 1.14 MiB/s, done.
Total 12 (delta 1), reused 0 (delta 0)
remote: Resolving deltas: 100% (1/1), done.
To https://github.com/vananhsmartosc/test1-project.git
   ba9e93e..4fed3ed  master -> master

vaaan anh@vananh MINGW64 ~/Desktop/Test/test1-project (master)
$
